عندي خطأ بعملية تسجيل الدخول 

لقد قمت بتسجيل طالب جديد و ذهبت وسجلت بحساب الأدمن و وافقت على ذلك الحساب 

و رجعت الى حساب الطالب و سجل دخول ولكن حطل معي خطأ  ان كلمة المرور او اسم المستخدم او الايميل خطأ 

كما ترى في الصورة 



